# tracer: nop
#
# entries-in-buffer/entries-written: 141/141   #P:4
#
#                                _-----=> irqs-off/BH-disabled
#                               / _----=> need-resched
#                              | / _---=> hardirq/softirq
#                              || / _--=> preempt-depth
#                              ||| / _-=> migrate-disable
#                              |||| /     delay
#           TASK-PID     CPU#  |||||  TIMESTAMP  FUNCTION
#              | |         |   |||||     |         |
   kworker/u16:0-6010    [002] .....  7911.471036: mei_reg_read: [mei0] read H_D0I3C:[0x800] = 0x6
   kworker/u16:0-6010    [002] .....  7911.471039: mei_reg_read: [mei0] read H_D0I3C:[0x800] = 0x6
   kworker/u16:0-6010    [002] .....  7911.471040: mei_reg_write: [mei0] write H_D0I3C[0x800] = 0x2
   kworker/u16:0-6010    [002] .....  7911.471042: mei_reg_read: [mei0] read H_D0I3C:[0x800] = 0x3
          <idle>-0       [000] d.h1.  7911.482999: mei_reg_read: [mei0] read H_CSR:[0x4] = 0x80000069
          <idle>-0       [000] d.h1.  7911.483002: mei_reg_write: [mei0] write H_CSR[0x4] = 0x80000008
  irq/140-mei_me-481     [000] .....  7911.483021: mei_reg_read: [mei0] read H_CSR:[0x4] = 0x80000048
  irq/140-mei_me-481     [000] .....  7911.483022: mei_reg_write: [mei0] write H_CSR[0x4] = 0x80000048
  irq/140-mei_me-481     [000] .....  7911.483024: mei_reg_read: [mei0] read ME_CSR_HA:[0xc] = 0x80000009
  irq/140-mei_me-481     [000] .....  7911.483025: mei_reg_read: [mei0] read ME_CSR_HA:[0xc] = 0x80000009
  irq/140-mei_me-481     [000] .....  7911.483027: mei_reg_read: [mei0] read H_CSR:[0x4] = 0x80000008
  irq/140-mei_me-481     [000] .....  7911.483027: mei_reg_write: [mei0] write H_CSR[0x4] = 0x8000002d
  irq/140-mei_me-481     [000] .....  7911.483035: mei_reg_read: [mei0] read H_CSR:[0x4] = 0x80000029
  irq/140-mei_me-481     [000] .....  7911.483042: mei_reg_read: [mei0] read ME_CSR_HA:[0xc] = 0x8000000b
  irq/140-mei_me-481     [000] .....  7911.483043: mei_reg_read: [mei0] read H_CSR:[0x4] = 0x80000029
  irq/140-mei_me-481     [000] .....  7911.483045: mei_reg_read: [mei0] read H_CSR:[0x4] = 0x80000029
  irq/140-mei_me-481     [000] .....  7911.483049: mei_reg_read: [mei0] read H_CSR:[0x4] = 0x80000029
  irq/140-mei_me-481     [000] .....  7911.483051: mei_reg_read: [mei0] read H_CSR:[0x4] = 0x80000029
  irq/140-mei_me-481     [000] .....  7911.483053: mei_reg_read: [mei0] read H_CSR:[0x4] = 0x80020029
  irq/140-mei_me-481     [000] .....  7911.483053: mei_reg_write: [mei0] write H_CSR[0x4] = 0x8002002d
  irq/140-mei_me-481     [000] .....  7911.483055: mei_reg_read: [mei0] read ME_CSR_HA:[0xc] = 0x8000000b
  irq/140-mei_me-481     [000] .....  7911.483059: mei_reg_read: [mei0] read H_CSR:[0x4] = 0x80020029
  irq/140-mei_me-481     [000] .....  7911.483061: mei_reg_read: [mei0] read H_CSR:[0x4] = 0x80020029
  irq/140-mei_me-481     [000] .....  7911.483062: mei_reg_write: [mei0] write H_CSR[0x4] = 0x80020029
          <idle>-0       [000] d.h1.  7911.483241: mei_reg_read: [mei0] read H_CSR:[0x4] = 0x8002022b
          <idle>-0       [000] d.h1.  7911.483243: mei_reg_write: [mei0] write H_CSR[0x4] = 0x80020208
  irq/140-mei_me-481     [000] .....  7911.483259: mei_reg_read: [mei0] read H_CSR:[0x4] = 0x8002020a
  irq/140-mei_me-481     [000] .....  7911.483260: mei_reg_write: [mei0] write H_CSR[0x4] = 0x8002020a
  irq/140-mei_me-481     [000] .....  7911.483262: mei_reg_read: [mei0] read ME_CSR_HA:[0xc] = 0x80020009
  irq/140-mei_me-481     [000] .....  7911.483263: mei_reg_read: [mei0] read ME_CSR_HA:[0xc] = 0x80020009
  irq/140-mei_me-481     [000] .....  7911.483265: mei_reg_read: [mei0] read H_CSR:[0x4] = 0x80020208
  irq/140-mei_me-481     [000] .....  7911.483270: mei_reg_read: [mei0] read ME_CSR_HA:[0xc] = 0x80020009
  irq/140-mei_me-481     [000] .....  7911.483275: mei_reg_read: [mei0] read H_CSR:[0x4] = 0x80020208
  irq/140-mei_me-481     [000] .....  7911.483276: mei_reg_write: [mei0] write H_CSR[0x4] = 0x8002020c
  irq/140-mei_me-481     [000] .....  7911.483282: mei_reg_read: [mei0] read ME_CSR_HA:[0xc] = 0x8002020b
  irq/140-mei_me-481     [000] .....  7911.483283: mei_reg_read: [mei0] read H_CSR:[0x4] = 0x80020208
  irq/140-mei_me-481     [000] .....  7911.483285: mei_reg_read: [mei0] read H_CSR:[0x4] = 0x80020208
  irq/140-mei_me-481     [000] .....  7911.483287: mei_reg_read: [mei0] read H_CSR:[0x4] = 0x80020208
  irq/140-mei_me-481     [000] .....  7911.483289: mei_reg_read: [mei0] read H_CSR:[0x4] = 0x80020208
  irq/140-mei_me-481     [000] .....  7911.483290: mei_reg_write: [mei0] write H_CSR[0x4] = 0x80020229
          <idle>-0       [000] d.h1.  7911.483299: mei_reg_read: [mei0] read H_CSR:[0x4] = 0x8002022b
          <idle>-0       [000] d.h1.  7911.483300: mei_reg_write: [mei0] write H_CSR[0x4] = 0x80020208
  irq/140-mei_me-481     [000] .....  7911.483306: mei_reg_read: [mei0] read H_CSR:[0x4] = 0x8002020a
  irq/140-mei_me-481     [000] .....  7911.483307: mei_reg_write: [mei0] write H_CSR[0x4] = 0x8002020a
  irq/140-mei_me-481     [000] .....  7911.483309: mei_reg_read: [mei0] read ME_CSR_HA:[0xc] = 0x8005020b
  irq/140-mei_me-481     [000] .....  7911.483310: mei_reg_read: [mei0] read ME_CSR_HA:[0xc] = 0x8005020b
  irq/140-mei_me-481     [000] .....  7911.483312: mei_reg_read: [mei0] read H_CSR:[0x4] = 0x80020208
  irq/140-mei_me-481     [000] .....  7911.483316: mei_reg_read: [mei0] read ME_CSR_HA:[0xc] = 0x8005020b
  irq/140-mei_me-481     [000] .....  7911.483320: mei_reg_read: [mei0] read H_CSR:[0x4] = 0x80020208
  irq/140-mei_me-481     [000] .....  7911.483321: mei_reg_write: [mei0] write H_CSR[0x4] = 0x8002020c
  irq/140-mei_me-481     [000] .....  7911.483326: mei_reg_read: [mei0] read ME_CSR_HA:[0xc] = 0x8005050b
  irq/140-mei_me-481     [000] .....  7911.483327: mei_reg_read: [mei0] read H_CSR:[0x4] = 0x80020208
  irq/140-mei_me-481     [000] .....  7911.483329: mei_reg_read: [mei0] read H_CSR:[0x4] = 0x80020208
  irq/140-mei_me-481     [000] .....  7911.483331: mei_reg_read: [mei0] read H_CSR:[0x4] = 0x80020208
  irq/140-mei_me-481     [000] .....  7911.483333: mei_reg_read: [mei0] read H_CSR:[0x4] = 0x80020208
  irq/140-mei_me-481     [000] .....  7911.483333: mei_reg_write: [mei0] write H_CSR[0x4] = 0x80020229
    mei-observer-11150   [001] .....  7911.483417: mei_reg_read: [mei0] read H_CSR:[0x4] = 0x80020229
    mei-observer-11150   [001] .....  7911.483420: mei_reg_read: [mei0] read H_CSR:[0x4] = 0x80020229
    mei-observer-11150   [001] .....  7911.483422: mei_reg_read: [mei0] read H_CSR:[0x4] = 0x80040229
    mei-observer-11150   [001] .....  7911.483423: mei_reg_write: [mei0] write H_CSR[0x4] = 0x8004022d
    mei-observer-11150   [001] .....  7911.483424: mei_reg_read: [mei0] read ME_CSR_HA:[0xc] = 0x8005050b
            sudo-11141   [000] d.h..  7911.483538: mei_reg_read: [mei0] read H_CSR:[0x4] = 0x8004042b
            sudo-11141   [000] d.h..  7911.483540: mei_reg_write: [mei0] write H_CSR[0x4] = 0x80040408
  irq/140-mei_me-481     [000] .....  7911.483557: mei_reg_read: [mei0] read H_CSR:[0x4] = 0x8004040a
  irq/140-mei_me-481     [000] .....  7911.483558: mei_reg_write: [mei0] write H_CSR[0x4] = 0x8004040a
  irq/140-mei_me-481     [000] .....  7911.483559: mei_reg_read: [mei0] read ME_CSR_HA:[0xc] = 0x80050509
  irq/140-mei_me-481     [000] .....  7911.483561: mei_reg_read: [mei0] read ME_CSR_HA:[0xc] = 0x80050509
  irq/140-mei_me-481     [000] .....  7911.483562: mei_reg_read: [mei0] read H_CSR:[0x4] = 0x80040408
  irq/140-mei_me-481     [000] .....  7911.483566: mei_reg_read: [mei0] read ME_CSR_HA:[0xc] = 0x80050509
  irq/140-mei_me-481     [000] .....  7911.483567: mei_reg_read: [mei0] read H_CSR:[0x4] = 0x80040408
  irq/140-mei_me-481     [000] .....  7911.483569: mei_reg_read: [mei0] read H_CSR:[0x4] = 0x80040408
  irq/140-mei_me-481     [000] .....  7911.483571: mei_reg_read: [mei0] read H_CSR:[0x4] = 0x80040408
  irq/140-mei_me-481     [000] .....  7911.483573: mei_reg_read: [mei0] read H_CSR:[0x4] = 0x80040408
  irq/140-mei_me-481     [000] .....  7911.483575: mei_reg_read: [mei0] read H_CSR:[0x4] = 0x80070408
  irq/140-mei_me-481     [000] .....  7911.483575: mei_reg_write: [mei0] write H_CSR[0x4] = 0x8007040c
  irq/140-mei_me-481     [000] .....  7911.483577: mei_reg_read: [mei0] read ME_CSR_HA:[0xc] = 0x8005050b
  irq/140-mei_me-481     [000] .....  7911.483579: mei_reg_read: [mei0] read H_CSR:[0x4] = 0x80070408
  irq/140-mei_me-481     [000] .....  7911.483584: mei_reg_read: [mei0] read H_CSR:[0x4] = 0x80070408
  irq/140-mei_me-481     [000] .....  7911.483585: mei_reg_write: [mei0] write H_CSR[0x4] = 0x80070429
          <idle>-0       [000] d.h1.  7911.483804: mei_reg_read: [mei0] read H_CSR:[0x4] = 0x8007072b
          <idle>-0       [000] d.h1.  7911.483806: mei_reg_write: [mei0] write H_CSR[0x4] = 0x80070708
  irq/140-mei_me-481     [000] .....  7911.483821: mei_reg_read: [mei0] read H_CSR:[0x4] = 0x8007070a
  irq/140-mei_me-481     [000] .....  7911.483822: mei_reg_write: [mei0] write H_CSR[0x4] = 0x8007070a
  irq/140-mei_me-481     [000] .....  7911.483824: mei_reg_read: [mei0] read ME_CSR_HA:[0xc] = 0x80050509
  irq/140-mei_me-481     [000] .....  7911.483825: mei_reg_read: [mei0] read ME_CSR_HA:[0xc] = 0x80050509
  irq/140-mei_me-481     [000] .....  7911.483827: mei_reg_read: [mei0] read H_CSR:[0x4] = 0x80070708
  irq/140-mei_me-481     [000] .....  7911.483832: mei_reg_read: [mei0] read ME_CSR_HA:[0xc] = 0x80050509
  irq/140-mei_me-481     [000] .....  7911.483834: mei_reg_read: [mei0] read H_CSR:[0x4] = 0x80070708
  irq/140-mei_me-481     [000] .....  7911.483836: mei_reg_read: [mei0] read H_CSR:[0x4] = 0x80070708
  irq/140-mei_me-481     [000] .....  7911.483838: mei_reg_read: [mei0] read H_CSR:[0x4] = 0x80070708
  irq/140-mei_me-481     [000] .....  7911.483839: mei_reg_read: [mei0] read H_CSR:[0x4] = 0x80070708
  irq/140-mei_me-481     [000] .....  7911.483840: mei_reg_write: [mei0] write H_CSR[0x4] = 0x80070729
         konsole-1691    [000] d.h..  7911.485954: mei_reg_read: [mei0] read H_CSR:[0x4] = 0x8007072b
         konsole-1691    [000] d.h..  7911.485956: mei_reg_write: [mei0] write H_CSR[0x4] = 0x80070708
  irq/140-mei_me-481     [000] .....  7911.485976: mei_reg_read: [mei0] read H_CSR:[0x4] = 0x8007070a
  irq/140-mei_me-481     [000] .....  7911.485976: mei_reg_write: [mei0] write H_CSR[0x4] = 0x8007070a
  irq/140-mei_me-481     [000] .....  7911.485978: mei_reg_read: [mei0] read ME_CSR_HA:[0xc] = 0x800d0509
  irq/140-mei_me-481     [000] .....  7911.485980: mei_reg_read: [mei0] read ME_CSR_HA:[0xc] = 0x800d0509
  irq/140-mei_me-481     [000] .....  7911.485982: mei_reg_read: [mei0] read H_CSR:[0x4] = 0x80070708
  irq/140-mei_me-481     [000] .....  7911.485987: mei_reg_read: [mei0] read ME_CSR_HA:[0xc] = 0x800d0509
  irq/140-mei_me-481     [000] .....  7911.485998: mei_reg_read: [mei0] read H_CSR:[0x4] = 0x80070708
  irq/140-mei_me-481     [000] .....  7911.485999: mei_reg_write: [mei0] write H_CSR[0x4] = 0x8007070c
  irq/140-mei_me-481     [000] .....  7911.486001: mei_reg_read: [mei0] read ME_CSR_HA:[0xc] = 0x800d0d0b
  irq/140-mei_me-481     [000] .....  7911.486003: mei_reg_read: [mei0] read H_CSR:[0x4] = 0x80070708
  irq/140-mei_me-481     [000] .....  7911.486005: mei_reg_read: [mei0] read H_CSR:[0x4] = 0x80070708
  irq/140-mei_me-481     [000] .....  7911.486007: mei_reg_read: [mei0] read H_CSR:[0x4] = 0x80070708
  irq/140-mei_me-481     [000] .....  7911.486012: mei_reg_read: [mei0] read H_CSR:[0x4] = 0x80070708
  irq/140-mei_me-481     [000] .....  7911.486013: mei_reg_write: [mei0] write H_CSR[0x4] = 0x80070729
    mei-observer-11150   [001] .....  7911.486163: mei_reg_read: [mei0] read H_CSR:[0x4] = 0x80070729
    mei-observer-11150   [001] .....  7911.486165: mei_reg_read: [mei0] read H_CSR:[0x4] = 0x80090729
    mei-observer-11150   [001] .....  7911.486167: mei_reg_write: [mei0] write H_CSR[0x4] = 0x8009072d
    mei-observer-11150   [001] .....  7911.486168: mei_reg_read: [mei0] read ME_CSR_HA:[0xc] = 0x800d0d0b
         konsole-1691    [000] d.h..  7911.486291: mei_reg_read: [mei0] read H_CSR:[0x4] = 0x8009092b
         konsole-1691    [000] d.h..  7911.486292: mei_reg_write: [mei0] write H_CSR[0x4] = 0x80090908
  irq/140-mei_me-481     [000] .....  7911.486307: mei_reg_read: [mei0] read H_CSR:[0x4] = 0x8009090a
  irq/140-mei_me-481     [000] .....  7911.486308: mei_reg_write: [mei0] write H_CSR[0x4] = 0x8009090a
  irq/140-mei_me-481     [000] .....  7911.486310: mei_reg_read: [mei0] read ME_CSR_HA:[0xc] = 0x800d0d09
  irq/140-mei_me-481     [000] .....  7911.486312: mei_reg_read: [mei0] read ME_CSR_HA:[0xc] = 0x800d0d09
  irq/140-mei_me-481     [000] .....  7911.486313: mei_reg_read: [mei0] read H_CSR:[0x4] = 0x80090908
  irq/140-mei_me-481     [000] .....  7911.486318: mei_reg_read: [mei0] read ME_CSR_HA:[0xc] = 0x800d0d09
  irq/140-mei_me-481     [000] .....  7911.486319: mei_reg_read: [mei0] read H_CSR:[0x4] = 0x80090908
  irq/140-mei_me-481     [000] .....  7911.486321: mei_reg_read: [mei0] read H_CSR:[0x4] = 0x80090908
  irq/140-mei_me-481     [000] .....  7911.486323: mei_reg_read: [mei0] read H_CSR:[0x4] = 0x80090908
  irq/140-mei_me-481     [000] .....  7911.486324: mei_reg_read: [mei0] read H_CSR:[0x4] = 0x80090908
  irq/140-mei_me-481     [000] .....  7911.486325: mei_reg_write: [mei0] write H_CSR[0x4] = 0x80090929
         konsole-1691    [000] d.h..  7911.486340: mei_reg_read: [mei0] read H_CSR:[0x4] = 0x8009092b
         konsole-1691    [000] d.h..  7911.486340: mei_reg_write: [mei0] write H_CSR[0x4] = 0x80090908
  irq/140-mei_me-481     [000] .....  7911.486348: mei_reg_read: [mei0] read H_CSR:[0x4] = 0x8009090a
  irq/140-mei_me-481     [000] .....  7911.486349: mei_reg_write: [mei0] write H_CSR[0x4] = 0x8009090a
  irq/140-mei_me-481     [000] .....  7911.486351: mei_reg_read: [mei0] read ME_CSR_HA:[0xc] = 0x800f0d09
  irq/140-mei_me-481     [000] .....  7911.486352: mei_reg_read: [mei0] read ME_CSR_HA:[0xc] = 0x800f0d09
  irq/140-mei_me-481     [000] .....  7911.486354: mei_reg_read: [mei0] read H_CSR:[0x4] = 0x80090908
  irq/140-mei_me-481     [000] .....  7911.486358: mei_reg_read: [mei0] read ME_CSR_HA:[0xc] = 0x800f0d09
  irq/140-mei_me-481     [000] .....  7911.486362: mei_reg_read: [mei0] read H_CSR:[0x4] = 0x80090908
  irq/140-mei_me-481     [000] .....  7911.486362: mei_reg_write: [mei0] write H_CSR[0x4] = 0x8009090c
  irq/140-mei_me-481     [000] .....  7911.486366: mei_reg_read: [mei0] read ME_CSR_HA:[0xc] = 0x800f0f0b
  irq/140-mei_me-481     [000] .....  7911.486368: mei_reg_read: [mei0] read H_CSR:[0x4] = 0x80090908
  irq/140-mei_me-481     [000] .....  7911.486370: mei_reg_read: [mei0] read H_CSR:[0x4] = 0x80090908
  irq/140-mei_me-481     [000] .....  7911.486372: mei_reg_read: [mei0] read H_CSR:[0x4] = 0x80090908
  irq/140-mei_me-481     [000] .....  7911.486373: mei_reg_read: [mei0] read H_CSR:[0x4] = 0x80090908
  irq/140-mei_me-481     [000] .....  7911.486374: mei_reg_write: [mei0] write H_CSR[0x4] = 0x80090929
